BackdropNode {
 inputs 0
 name BackdropNode2
 label " CLOUDTASTIC  ---  v1.2"
 note_font "Arial Black"
 note_font_size 120
 note_font_color 0x363636ff
 selected true
 xpos 319
 ypos -1249
 bdwidth 2476
 bdheight 2494
}
Camera2 {
 inputs 0
 name Camera1
 selected true
 xpos 1112
 ypos 626
}
Dot {
 name CameraDot
 label "\nPlug your camera in here"
 note_font "Arial Black"
 note_font_size 16
 selected true
 xpos 1294
 ypos 650
}
Radial {
 inputs 0
 area {100 100 {root.format.width-100} {root.format.height-100}}
 name Radial1
 selected true
 xpos 496
 ypos -509
}
Merge2 {
 inputs 2
 operation mask
 bbox A
 name Merge1
 selected true
 xpos 1189
 ypos -463
}
Grade {
 multiply {{CLOUDTASTIC_CONTROLS.cloud_gain} {CLOUDTASTIC_CONTROLS.cloud_gain} {CLOUDTASTIC_CONTROLS.cloud_gain} {CLOUDTASTIC_CONTROLS.cloud_gain}}
 gamma {{CLOUDTASTIC_CONTROLS.cloud_gamma} {CLOUDTASTIC_CONTROLS.cloud_gamma} {CLOUDTASTIC_CONTROLS.cloud_gamma} {CLOUDTASTIC_CONTROLS.cloud_gamma}}
 black_clamp false
 name Grade2
 selected true
 xpos 1189
 ypos -270
}
Card2 {
 rows 2
 columns 2
 uniform_scale 10
 control_points {3 3 3 6 

1 {-0.5 -0.5 0} 0 {0.1666666865 0 0} 0 {0 0 0} 0 {0 0.1666666865 0} 0 {0 0 0} 0 {0 0 0} 
1 {-0.5 0.5 0} 0 {0.1666666865 0 0} 0 {0 0 0} 0 {0 0 0} 0 {0 -0.1666666865 0} 0 {0 1 0} 
1 {0 0.5 0} 0 {0.1666666716 0 0} 0 {-0.1666666716 0 0} 0 {0 0 0} 0 {0 -0.1666666865 0} 0 {0.5 1 0} 
1 {0.5 0.5 0} 0 {0 0 0} 0 {-0.1666666865 0 0} 0 {0 0 0} 0 {0 -0.1666666865 0} 0 {1 1 0} }
 name Card10
 selected true
 xpos 1189
 ypos -59
}
Dot {
 name Dot22
 label "  "
 note_font "Arial Black"
 note_font_size 16
 selected true
 xpos 1307
 ypos -505
}
Grade {
 multiply {{CLOUDTASTIC_CONTROLS.cloud_gain} ... {CLOUDTASTIC_CONTROLS.cloud_gamma}}
 black_clamp false
 name Grade3
 selected true
 xpos 1364
 ypos -274
}
Card2 {
 rows 2
 columns 2
 uniform_scale 10
 control_points {3 3 3 6 

1 {-0.5 -0.5 0} 0 {0.1666666865 0 0} 0 {0 0 0} 0 {0 0.1666666865 0} 0 {0 0 0} 0 {0 0 0} 
1 {0 -0.5 0} 0 {0.1666666716 0 0} 0 {-0.1666666716 0 0} 0 {0 0.1666666865 0} 0 {0 0 0} 0 {0.5 0 0} 
1 {0.5 0.5 0} 0 {0 0 0} 0 {-0.1666666865 0 0} 0 {0 0 0} 0 {0 -0.1666666865 0} 0 {1 1 0} }
 name Card11
 selected true
 xpos 1364
 ypos -61
}
Dot {
 name Dot23
 label "  "
 note_font "Arial Black"
 note_font_size 16
 selected true
 xpos 1477
 ypos -505
}
Grade {
 multiply {{CLOUDTASTIC_CONTROLS.cloud_gain} ... {CLOUDTASTIC_CONTROLS.cloud_gamma}}
 black_clamp false
 name Grade4
 selected true
 xpos 1548
 ypos -269
}
Card2 {
 rows 2
 columns 2
 uniform_scale 10
 control_points {3 3 3 6 

1 {0 0.5 0} 0 {0.1666666716 0 0} 0 {-0.1666666716 0 0} 0 {0 0 0} 0 {0 -0.1666666865 0} 0 {0.5 1 0} 
1 {0.5 0.5 0} 0 {0 0 0} 0 {-0.1666666865 0 0} 0 {0 0 0} 0 {0 -0.1666666865 0} 0 {1 1 0} }
 name Card12
 selected true
 xpos 1548
 ypos -61
}
Merge2 {
 inputs 2
 operation mask
 bbox A
 name Merge4
 selected true
 xpos 2133
 ypos -465
}
Grade {
 multiply {{CLOUDTASTIC_CONTROLS.cloud_gain} {CLOUDTASTIC_CONTROLS.cloud_gain} {CLOUDTASTIC_CONTROLS.cloud_gain} {CLOUDTASTIC_CONTROLS.cloud_gain}}
 gamma {{CLOUDTASTIC_CONTROLS.cloud_gamma} {CLOUDTASTIC_CONTROLS.cloud_gamma} {CLOUDTASTIC_CONTROLS.cloud_gamma} {CLOUDTASTIC_CONTROLS.cloud_gamma}}
 black_clamp false
 name Grade7
 selected true
 xpos 2133
 ypos -276
}
Card2 {
 rows 2
 columns 2
 uniform_scale 10
 control_points {3 3 3 6 

1 {-0.5 -0.5 0} 0 {0.1666666865 0 0} 0 {0 0 0} 0 {0 0.1666666865 0} 0 {0 0 0} 0 {0 0 0} 
1 {0 -0.5 0} 0 {0.1666666716 0 0} 0 {-0.1666666716 0 0} 0 {0 0.1666666865 0} 0 {0 0 0} 0 {0.5 0 0} 
1 {0.5 -0.5 0} 0 {0 0 0} 0 {-0.1666666865 0 0} 0 {0 0.1666666865 0} 0 {0 0 0} 0 {1 0 0} 
1 {-0.5 0 0} 0 {0.1666666865 0 0} 0 {0 0 0} 0 {0 0.1666666716 0} 0 {0 -0.1666666716 0} 0 {0 0.5 0} 
1 {0 0 0} 0 {0.1666666716 0 0} 0 {-0.1666666716 0 0} 0 {0 0.1666666716 0} 0 {0 -0.1666666716 0} 0 {0.5 0.5 0} 
1 {0.5 0 0} 0 {0 0 0} 0 {-0.1666666865 0 0} 0 {0 0.1666666716 0} 0 {0 -0.1666666716 0} 0 {1 0.5 0} 
1 {-0.5 0.5 0} 0 {0.1666666865 0 0} 0 {0 0 0} 0 {0 0 0} 0 {0 -0.1666666865 0} 0 {0 1 0} 
1 {0 0.5 0} 0 {0.1666666716 0 0} 0 {-0.1666666716 0 0} 0 {0 0 0} 0 {0 -0.1666666865 0} 0 {0.5 1 0} 
1 {0.5 0.5 0} 0 {0 0 0} 0 {-0.1666666865 0 0} 0 {0 0 0} 0 {0 -0.1666666865 0} 0 {1 1 0} }
 name Card13
 selected true
 xpos 2133
 ypos -61
}
Cube {
 display wireframe
 render_mode wireframe
 rows 1
 columns 1
 cube {-0.5 0.1679999977 -0.1089999974 -0.1568000019 0.2639999986 0.3050000072}
 translate {6404.183105 -1989.998413 -2600}
 scaling {2 1 1}
 uniform_scale 10000
 name Cube2
 selected true
 xpos 1235
 ypos 319
}
ParticleEmitter {
 inputs 11
 start_frame {{CLOUDTASTIC_CONTROLS.start_frame-1}}
 emit_from bbox
 randomize_type "randomized direction"
 rate {{CLOUDTASTIC_CONTROLS.p_count}}
 rate_channel -rgba.red
 lifetime 1
 selected true
 xpos 1548
 ypos 319
}
ParticleLookAt {
 position {{CameraDot.input.translate(CLOUDTASTIC_CONTROLS.start_frame)} ...{CameraDot.input.translate(CLOUDTASTIC_CONTROLS.start_frame)}}
 name ParticleLookAt2
 selected true
 xpos 1548
 ypos 428
}
ParticleCurve {
 curves {r {curve l 0 0}
   g {curve l 0 0}
   b {curve l 0 0}
   a {curve l 0 0}
   size {curve 0 0}
   mass {}}
 affect_size true
 region {{curve x1001 1}}
 translate {{CameraDot.input.translate} {CameraDot.input.translate} {CameraDot.input.translate}}
 rotate {{CameraDot.input.rotate} {CameraDot.input.rotate} {CameraDot.input.rotate}}
 uniform_scale {{parent.CLOUDTASTIC_CONTROLS.kill_area}}
 name ParticleCurve1
 selected true
 xpos 1548
 ypos 488
 disable {{!CLOUDTASTIC_CONTROLS.kill_near_camera}}
}
FrameHold {
 first_frame {{CLOUDTASTIC_CONTROLS.start_frame}}
 name FrameHold20
 selected true
 xpos 1548
 ypos 547
}
NoOp {
 name CLOUDTASTIC_CONTROLS
 tile_color 0x20202ff
 note_font_size 36
 note_font_color 0xffffffff
 selected true
 xpos 1548
 ypos 981
 addUserKnob {20 Cloudtastic}
 addUserKnob {26 ""}
 addUserKnob {3 start_frame l "Start Frame"}
 start_frame {{root.first_frame}}
 addUserKnob {3 p_count l "Particle Amount"}
 p_count 2000
 addUserKnob {3 p_size l "Particle Size"}
 p_size 70
 addUserKnob {3 seed l "Random Seed"}
 seed 12345
 addUserKnob {6 cloud_gain_panelDropped_1_1_1 l "panel dropped state" -STARTLINE +HIDDEN}
 addUserKnob {6 cloud_gain_panelDropped_1_1_1_1 l "panel dropped state" -STARTLINE +HIDDEN}
 addUserKnob {6 cloud_gain_panelDropped_1_1_1_1_1 l "panel dropped state" -STARTLINE +HIDDEN}
 addUserKnob {19 cloud_gamma l "Gloud Gamma" R 0 2}
 cloud_gamma 0.75
 addUserKnob {6 cloud_gamma_panelDropped_1_1_1_1_1_1 l "panel dropped state" -STARTLINE +HIDDEN}
 addUserKnob {6 cloud_gain_panelDropped_1_1_1_1_1_1 l "panel dropped state" -STARTLINE +HIDDEN}
 addUserKnob {26 ""}
 addUserKnob {26 instructions l "" +STARTLINE T "<b>Usage:</b><br><br>\n\n<b>1)</b> Find some atmospheric cloud elements, and plug them into<br>&nbsp;&nbsp; the dots above. Frameholding the same, long ele ... and adjust the<br>&nbsp;&nbsp; <b>Particle Amount</b>, <b>Particle Size</b>, <b>Random Seed</b> and <b>Cloud Gain/Gamma</b><br>&nbsp;&nbsp; controls until you see your desired result."}
 addUserKnob {26 ""}
 addUserKnob {26 version l "" +STARTLINE T "\nCreated by Ben McEwan\nwww.benmcewan.com\n\nVersion 1.2\nLast Updated: October 21st, 2019\n"}
 addUserKnob {26 ""}
}
