PreGroup {
    name KEEP
}
Group {
 name KEEP
}
end_group
PostGroup {
    name KEEP
}
