Node {
    line 2
    line 3
    line 4
}
Node {
    line 2
}
